=== SESSION rec-001 ===
Started:     2026-02-17 23:31:48.685
Ended:       2026-02-17 23:31:49.475
Duration:    0.8s

--- TIMELINE ---
T+0.000s     [GATEWAY     ] rec-001 started (offline=false)
T+0.000s     [GATEWAY     ] first audio chunk: 4800 bytes
T+0.737s     [DEEPGRAM    ] connect FAILED after 736.579511ms: deepgram error: connection failed: TLS error: native-tls error: error:0A000086:SSL routines:tls_post_process_server_certificate:certificate verify failed:ssl/statem/statem_clnt.c:2125: (IP address mismatch)
T+0.738s     [GATEWAY     ] commit received
T+0.738s     [GATEWAY     ] taking OFFLINE transcription path
T+0.790s     [GATEWAY     ] commit complete: backend=none, transcript=0 chars

--- SPEED PROFILE ---
Deepgram connect:     N/A
First audio to GW:    0ms
Transcription:        52ms
Total (start→text):   790ms

--- AUDIO CHAIN ---
Python WS chunks:     5
Gateway bytes:        24000

--- DATA FLOW ---
Toggle       -> Python WS    -> Gateway      -> Transcribe  
OK              OK              OK              FAIL        

--- DISPOSITION ---
Status:       FAILED
Archived WAV: (none)
Transcript:   (none)
