=== SESSION rec-001 ===
Started:     2026-03-04 07:42:05.324
Ended:       2026-03-04 07:42:05.364 (ABORTED by clear)
Duration:    0.0s

--- TIMELINE ---
T+0.000s     [GATEWAY     ] rec-001 started (offline=false)
T+0.000s     [GATEWAY     ] first audio chunk: 4800 bytes
T+0.041s     [GATEWAY     ] WARNING: early clear at T+0.0s — likely double-start race condition
T+0.041s     [GATEWAY     ] clear: discarded 4800 bytes / 0.1s (not auto-committed)
T+0.041s     [GATEWAY     ] clear: discarded 4800 bytes (not auto-committed)

--- SPEED PROFILE ---
Deepgram connect:     N/A
First audio to GW:    0ms
Transcription:        N/A
Total (start→text):   N/A

--- AUDIO CHAIN ---
Python WS chunks:     1
Gateway bytes:        4800

--- DATA FLOW ---
Toggle       -> Python WS    -> Gateway      -> Transcribe  
OK              OK              OK              FAIL        

--- DISPOSITION ---
Status:       ABORTED
Archived WAV: (none)
Transcript:   (none)
